>>> [1] add1 <<<
Applying command 'Blank w:400 h:400 fill:255:0:0'
Applying command 'Add'
Applying command 'Save filename:output/add1.png'
>>> [2] add2 <<<
Applying command 'Blank w:800 h:800 fill:0:0:255'
Applying command 'Add'
Applying command 'Add'
Applying command 'Add'
Applying command 'Add'
Applying command 'Save filename:output/add2.png'
>>> [3] add3 <<<
Applying command 'Blank w:800 h:800 fill:200:200:200'
Applying command 'Add'
Applying command 'Add'
Applying command 'Add'
Applying command 'Add'
Applying command 'Save filename:output/add3.png'
>>> [4] add4 <<<
Applying command 'Open filename:input/jungle.png'
Applying command 'Add'
Applying command 'Add'
Applying command 'Add'
Applying command 'Save filename:output/add4.png'
>>> [5] add5 <<<
Applying command 'Blank w:900 h:600 fill:255:255:255'
Applying command 'Add'
Applying command 'Add'
Applying command 'Add'
Applying command 'Save filename:output/add5.png'
>>> [6] basic_blank1 <<<
Applying command 'Blank w:200 h:100 fill:255:0:0'
Applying command 'Save filename:output/basic_blank1.png'
>>> [7] basic_blank2 <<<
Applying command 'Blank w:100 h:200 fill:255:255:0'
Applying command 'Save filename:output/basic_blank2.png'
>>> [8] basic_blank3 <<<
Applying command 'Blank w:300 h:250 fill:0:255:255'
Applying command 'Blank w:200 h:100 fill:255:0:0'
Applying command 'Save filename:output/basic_blank3.png'
>>> [9] basic_open1 <<<
Applying command 'Open filename:input/lion.png'
Applying command 'Save filename:output/basic_open1.png'
>>> [10] basic_open2 <<<
Applying command 'Open filename:input/squares.png'
Applying command 'Open filename:input/unionjack.png'
Applying command 'Save filename:output/basic_open2.png'
>>> [11] chain1 <<<
Command not recognized: 'chain'
Error while parsing command
Scrim parse failed
>>> [12] chain2 <<<
Command not recognized: 'chain'
Error while parsing command
Scrim parse failed
>>> [13] chain3 <<<
Command not recognized: 'chain'
Error while parsing command
Scrim parse failed
>>> [14] chain4 <<<
Command not recognized: 'chain'
Error while parsing command
Scrim parse failed
>>> [15] chain5 <<<
Command not recognized: 'chain'
Error while parsing command
Scrim parse failed
>>> [16] crop1 <<<
Applying command 'Open filename:input/pacman-game.png'
Applying command 'Crop'
Applying command 'Save filename:output/crop1.png'
>>> [17] crop2 <<<
Applying command 'Open filename:input/dead-combo.png'
Applying command 'Crop'
Applying command 'Save filename:output/crop2.png'
>>> [18] crop3 <<<
Applying command 'Open filename:input/pacman-game.png'
Applying command 'Crop'
Applying command 'Crop'
Applying command 'Save filename:output/crop3.png'
>>> [19] crop4 <<<
Applying command 'Open filename:input/pacman-game.png'
Applying command 'Crop'
Applying command 'Save filename:output/crop4.png'
>>> [20] crop5 <<<
Applying command 'Open filename:input/pacman-game.png'
Applying command 'Crop'
Applying command 'Crop'
Applying command 'Save filename:output/crop5.png'
>>> [21] crop6 <<<
Applying command 'Open filename:input/pacman-game.png'
Applying command 'Crop'
Applying command 'Crop'
Applying command 'Crop'
Applying command 'Save filename:output/crop6.png'
>>> [22] extra1 <<<
Applying command 'Blank w:1366 h:600 fill:255:255:255'
Applying command 'Add'
Applying command 'Add'
Applying command 'Rotate_left'
Applying command 'Rotate_right'
Applying command 'Rotate_right'
Applying command 'Rotate_right'
Applying command 'Rotate_right'
Applying command 'Rotate_right'
Applying command 'Replace'
Applying command 'Replace'
Applying command 'Invert'
Applying command 'Invert'
Applying command 'Save filename:output/extra1.png'
>>> [23] extra2 <<<
Applying command 'Blank w:1366 h:600 fill:255:255:255'
Applying command 'Add'
Applying command 'Add'
Applying command 'H_mirror'
Applying command 'H_mirror'
Applying command 'Rotate_left'
Applying command 'Rotate_right'
Applying command 'Rotate_right'
Applying command 'To_gray_scale'
Applying command 'Rotate_right'
Applying command 'Rotate_right'
Applying command 'Rotate_right'
Applying command 'Replace'
Applying command 'Replace'
Applying command 'Invert'
Applying command 'H_mirror'
Applying command 'H_mirror'
Applying command 'Invert'
Applying command 'Save filename:output/extra2.png'
>>> [24] extra3 <<<
Applying command 'Open filename:input/escher-angels-demons.png'
Applying command 'Invert'
Applying command 'Rotate_left'
Applying command 'H_mirror'
Applying command 'Save filename:output/extra3-tmp1.png'
Applying command 'Open filename:input/escher-angels-demons.png'
Applying command 'Rotate_right'
Applying command 'H_mirror'
Applying command 'Invert'
Applying command 'Save filename:output/extra3-tmp2.png'
Applying command 'Blank w:1544 h:1600 fill:0:0:0'
Applying command 'Add'
Applying command 'Add'
Applying command 'Add'
Applying command 'Add'
Applying command 'Save filename:output/extra3.png'
>>> [25] extra4 <<<
Applying command 'Blank w:750 h:380 fill:0:0:0'
Applying command 'Fill'
Applying command 'Add'
Applying command 'Fill'
Applying command 'Add'
Applying command 'Fill'
Applying command 'Add'
Applying command 'Save filename:output/extra4.png'
>>> [26] fill1 <<<
Applying command 'Open filename:input/unionjack.png'
Applying command 'Fill'
Applying command 'Save filename:output/fill1.png'
>>> [27] fill2 <<<
Applying command 'Open filename:input/unionjack.png'
Applying command 'Fill'
Applying command 'Fill'
Applying command 'Fill'
Applying command 'Save filename:output/fill2.png'
>>> [28] fill3 <<<
Applying command 'Open filename:input/unionjack.png'
Applying command 'Fill'
Applying command 'Save filename:output/fill3.png'
>>> [29] fill4 <<<
Applying command 'Blank w:300 h:300 fill:255:0:0'
Applying command 'Fill'
Applying command 'Fill'
Applying command 'Fill'
Applying command 'Fill'
Applying command 'Fill'
Applying command 'Fill'
Applying command 'Save filename:output/fill4.png'
>>> [30] h_mirror1 <<<
Applying command 'Open filename:input/symmetric.png'
Applying command 'H_mirror'
Applying command 'Save filename:output/h_mirror1.png'
>>> [31] h_mirror2 <<<
Applying command 'Open filename:input/symmetric.png'
Applying command 'H_mirror'
Applying command 'H_mirror'
Applying command 'Save filename:output/h_mirror2.png'
>>> [32] h_mirror3 <<<
Applying command 'Open filename:input/escher-hands.png'
Applying command 'H_mirror'
Applying command 'Save filename:output/h_mirror3.png'
>>> [33] h_mirror4 <<<
Applying command 'Open filename:input/escher-reptiles.png'
Applying command 'H_mirror'
Applying command 'Save filename:output/h_mirror4.png'
>>> [34] invert1 <<<
Applying command 'Open filename:input/xkcd.png'
Applying command 'Invert'
Applying command 'Save filename:output/invert1.png'
>>> [35] invert2 <<<
Applying command 'Open filename:input/xkcd.png'
Applying command 'Invert'
Applying command 'Invert'
Applying command 'Save filename:output/invert2.png'
>>> [36] invert3 <<<
Applying command 'Open filename:input/dilbert.png'
Applying command 'Invert'
Applying command 'Save filename:output/invert3.png'
>>> [37] invert4 <<<
Applying command 'Open filename:input/escher-angels-demons.png'
Applying command 'Invert'
Applying command 'Save filename:output/invert4.png'
>>> [38] move1 <<<
Applying command 'Open filename:input/lion.png'
Applying command 'move'
Applying command 'Save filename:output/move1.png'
>>> [39] move2 <<<
Applying command 'Open filename:input/lion.png'
Applying command 'move'
Applying command 'Save filename:output/move2.png'
>>> [40] move3 <<<
Applying command 'Open filename:input/lion.png'
Applying command 'move'
Applying command 'Save filename:output/move3.png'
>>> [41] move4 <<<
Applying command 'Open filename:input/lion.png'
Applying command 'move'
Applying command 'Save filename:output/move4.png'
>>> [42] replace1 <<<
Applying command 'Open filename:input/pacman.png'
Applying command 'Replace'
Applying command 'Save filename:output/replace1.png'
>>> [43] replace2 <<<
Applying command 'Open filename:input/lion.png'
Applying command 'Replace'
Applying command 'Save filename:output/replace2.png'
>>> [44] replace3 <<<
Applying command 'Open filename:input/dali.png'
Applying command 'Replace'
Applying command 'Replace'
Applying command 'Save filename:output/replace3.png'
>>> [45] resize1 <<<
Applying command 'Open filename:input/lion.png'
Applying command 'Resize'
Applying command 'Save filename:output/resize1.png'
>>> [46] resize2 <<<
Applying command 'Open filename:input/lion.png'
Applying command 'Resize'
Applying command 'Save filename:output/resize2.png'
>>> [47] rotate_left1 <<<
Applying command 'Open filename:input/mondrian.png'
Applying command 'Rotate_left'
Applying command 'Save filename:output/rotate_left1.png'
>>> [48] rotate_left2 <<<
Applying command 'Open filename:input/lion.png'
Applying command 'Rotate_left'
Applying command 'Rotate_left'
Applying command 'Save filename:output/rotate_left2.png'
>>> [49] rotate_left3 <<<
Applying command 'Open filename:input/pacman-game.png'
Applying command 'Rotate_left'
Applying command 'Rotate_left'
Applying command 'Rotate_left'
Applying command 'Save filename:output/rotate_left3.png'
>>> [50] rotate_left_rotate_right1 <<<
Applying command 'Open filename:input/lion.png'
Applying command 'Rotate_left'
Applying command 'Rotate_right'
Applying command 'Save filename:output/rotate_left_rotate_right1.png'
>>> [51] rotate_left_rotate_right2 <<<
Applying command 'Open filename:input/escher-reptiles.png'
Applying command 'Rotate_left'
Applying command 'Rotate_right'
Applying command 'Rotate_right'
Applying command 'Save filename:output/rotate_left_rotate_right2.png'
>>> [52] rotate_right1 <<<
Applying command 'Open filename:input/mondrian.png'
Applying command 'Rotate_right'
Applying command 'Save filename:output/rotate_right1.png'
>>> [53] rotate_right2 <<<
Applying command 'Open filename:input/escher-hands.png'
Applying command 'Rotate_right'
Applying command 'Rotate_right'
Applying command 'Save filename:output/rotate_right2.png'
>>> [54] rotate_right3 <<<
Applying command 'Open filename:input/escher-angels-demons.png'
Applying command 'Rotate_right'
Applying command 'Rotate_right'
Applying command 'Save filename:output/rotate_right3.png'
>>> [55] scaleup1 <<<
Applying command 'Open filename:input/lion.png'
Applying command 'move'
Applying command 'Save filename:output/scaleup1.png'
>>> [56] scaleup2 <<<
Applying command 'Open filename:input/lion.png'
Applying command 'move'
Applying command 'Save filename:output/scaleup2.png'
>>> [57] scaleup3 <<<
Applying command 'Open filename:input/lion.png'
Applying command 'move'
Applying command 'Save filename:output/scaleup3.png'
>>> [58] scaleup4 <<<
Applying command 'Open filename:input/lion.png'
Applying command 'move'
Applying command 'Save filename:output/scaleup4.png'
>>> [59] slide1 <<<
Applying command 'Open filename:input/lion.png'
Applying command 'move'
Applying command 'Save filename:output/slide1.png'
>>> [60] slide2 <<<
Applying command 'Open filename:input/lion.png'
Applying command 'move'
Applying command 'Save filename:output/slide2.png'
>>> [61] slide3 <<<
Applying command 'Open filename:input/lion.png'
Applying command 'move'
Applying command 'Save filename:output/slide3.png'
>>> [62] slide4 <<<
Applying command 'Open filename:input/lion.png'
Applying command 'move'
Applying command 'Save filename:output/slide4.png'
>>> [63] to_gray_scale1 <<<
Applying command 'Open filename:input/pacman.png'
Applying command 'To_gray_scale'
Applying command 'Save filename:output/to_gray_scale1.png'
>>> [64] to_gray_scale2 <<<
Applying command 'Open filename:input/pacman.png'
Applying command 'To_gray_scale'
Applying command 'To_gray_scale'
Applying command 'Save filename:output/to_gray_scale2.png'
>>> [65] to_gray_scale3 <<<
Applying command 'Open filename:input/tetris.png'
Applying command 'To_gray_scale'
Applying command 'Save filename:output/to_gray_scale3.png'
>>> [66] to_gray_scale4 <<<
Applying command 'Open filename:input/mandelbrot.png'
Applying command 'To_gray_scale'
Applying command 'Save filename:output/to_gray_scale4.png'
>>> [67] v_mirror1 <<<
Applying command 'Open filename:input/symmetric.png'
Applying command 'H_mirror'
Applying command 'Save filename:output/v_mirror1.png'
>>> [68] v_mirror2 <<<
Applying command 'Open filename:input/symmetric.png'
Applying command 'H_mirror'
Applying command 'H_mirror'
Applying command 'Save filename:output/v_mirror2.png'
>>> [69] v_mirror3 <<<
Applying command 'Open filename:input/escher-hands.png'
Applying command 'H_mirror'
Applying command 'Save filename:output/v_mirror3.png'
>>> [70] v_mirror4 <<<
Applying command 'Open filename:input/escher-angels-demons.png'
Applying command 'H_mirror'
Applying command 'Save filename:output/v_mirror4.png'
